<?xml version="1.0" encoding="UTF-8" standalone="no"?>
<map height="15" width="15">
    <tile type="MER" x="0" y="0"/>
    <tile type="MER" x="0" y="1"/>
    <tile type="MER" x="0" y="2"/>
    <tile type="MER" x="0" y="3"/>
    <tile type="MER" x="0" y="4"/>
    <tile type="MER" x="0" y="5"/>
    <tile type="MER" x="0" y="6"/>
    <tile type="MER" x="0" y="7"/>
    <tile type="MER" x="0" y="8"/>
    <tile type="MER" x="0" y="9"/>
    <tile type="MER" x="0" y="10"/>
    <tile type="MER" x="0" y="11"/>
    <tile type="MER" x="0" y="12"/>
    <tile type="MER" x="0" y="13"/>
    <tile type="MER" x="0" y="14"/>
    <tile type="MER" x="1" y="0"/>
    <tile type="MER" x="1" y="1"/>
    <tile type="MER" x="1" y="2"/>
    <tile type="MER" x="1" y="3"/>
    <tile type="MER" x="1" y="4"/>
    <tile type="MER" x="1" y="5"/>
    <tile type="MER" x="1" y="6"/>
    <tile type="MER" x="1" y="7"/>
    <tile type="MER" x="1" y="8"/>
    <tile type="MER" x="1" y="9"/>
    <tile type="MER" x="1" y="10"/>
    <tile type="MER" x="1" y="11"/>
    <tile type="MER" x="1" y="12"/>
    <tile type="MER" x="1" y="13"/>
    <tile type="MER" x="1" y="14"/>
    <tile type="MER" x="2" y="0"/>
    <tile type="MER" x="2" y="1"/>
    <tile type="MER" x="2" y="2"/>
    <tile type="MER" x="2" y="3"/>
    <tile type="MER" x="2" y="4"/>
    <tile type="MER" x="2" y="5"/>
    <tile type="MER" x="2" y="6"/>
    <tile type="MER" x="2" y="7"/>
    <tile type="MER" x="2" y="8"/>
    <tile type="MER" x="2" y="9"/>
    <tile type="FORET" x="2" y="10"/>
    <tile type="FORET" x="2" y="11"/>
    <tile type="PLAINES" x="2" y="12"/>
    <tile type="PLAINES" x="2" y="13"/>
    <tile type="MER" x="2" y="14"/>
    <tile type="MER" x="3" y="0"/>
    <tile type="MER" x="3" y="1"/>
    <tile type="MER" x="3" y="2"/>
    <tile type="MER" x="3" y="3"/>
    <tile type="MER" x="3" y="4"/>
    <tile type="MER" x="3" y="5"/>
    <tile type="MER" x="3" y="6"/>
    <tile type="FORET" x="3" y="7"/>
    <tile type="PLAINES" x="3" y="8"/>
    <tile type="FORET" x="3" y="9"/>
    <tile type="MER" x="3" y="10"/>
    <tile type="COLLINE" x="3" y="11"/>
    <tile type="FORET" x="3" y="12"/>
    <tile type="PLAINES" x="3" y="13"/>
    <tile type="MER" x="3" y="14"/>
    <tile type="MER" x="4" y="0"/>
    <tile type="MER" x="4" y="1"/>
    <tile type="MER" x="4" y="2"/>
    <tile type="MER" x="4" y="3"/>
    <tile type="MER" x="4" y="4"/>
    <tile type="COLLINE" x="4" y="5"/>
    <tile type="PLAINES" x="4" y="6"/>
    <tile type="FORET" x="4" y="7"/>
    <tile type="FORET" x="4" y="8"/>
    <tile type="FORET" x="4" y="9"/>
    <tile type="PLAINES" x="4" y="10"/>
    <tile type="PLAINES" x="4" y="11"/>
    <tile type="FORET" x="4" y="12"/>
    <tile type="PLAINES" x="4" y="13"/>
    <tile type="MER" x="4" y="14"/>
    <tile type="MER" x="5" y="0"/>
    <tile type="MER" x="5" y="1"/>
    <tile type="MER" x="5" y="2"/>
    <tile type="MER" x="5" y="3"/>
    <tile type="MONTAGNE" x="5" y="4"/>
    <tile type="PLAINES" x="5" y="5"/>
    <tile type="MONTAGNE" x="5" y="6"/>
    <tile type="COLLINE" x="5" y="7"/>
    <tile type="MER" x="5" y="8"/>
    <tile type="PLAINES" x="5" y="9"/>
    <tile type="COLLINE" x="5" y="10"/>
    <tile type="FORET" x="5" y="11"/>
    <tile type="FORET" x="5" y="12"/>
    <tile type="PLAINES" x="5" y="13"/>
    <tile type="MER" x="5" y="14"/>
    <tile type="MER" x="6" y="0"/>
    <tile type="MER" x="6" y="1"/>
    <tile type="MER" x="6" y="2"/>
    <tile type="MER" x="6" y="3"/>
    <tile type="MER" x="6" y="4"/>
    <tile type="FORET" x="6" y="5"/>
    <tile type="COLLINE" x="6" y="6"/>
    <tile type="COLLINE" x="6" y="7"/>
    <tile type="COLLINE" x="6" y="8"/>
    <tile type="COLLINE" x="6" y="9"/>
    <tile type="COLLINE" x="6" y="10"/>
    <tile type="PLAINES" x="6" y="11"/>
    <tile type="MER" x="6" y="12"/>
    <tile type="PLAINES" x="6" y="13"/>
    <tile type="MER" x="6" y="14"/>
    <tile type="MER" x="7" y="0"/>
    <tile type="MER" x="7" y="1"/>
    <tile type="MER" x="7" y="2"/>
    <tile type="MER" x="7" y="3"/>
    <tile type="FORET" x="7" y="4"/>
    <tile type="COLLINE" x="7" y="5"/>
    <tile type="COLLINE" x="7" y="6"/>
    <tile type="MONTAGNE" x="7" y="7"/>
    <tile type="COLLINE" x="7" y="8"/>
    <tile type="FORET" x="7" y="9"/>
    <tile type="PLAINES" x="7" y="10"/>
    <tile type="COLLINE" x="7" y="11"/>
    <tile type="PLAINES" x="7" y="12"/>
    <tile type="MER" x="7" y="13"/>
    <tile type="MER" x="7" y="14"/>
    <tile type="MER" x="8" y="0"/>
    <tile type="MER" x="8" y="1"/>
    <tile type="MER" x="8" y="2"/>
    <tile type="MER" x="8" y="3"/>
    <tile type="FORET" x="8" y="4"/>
    <tile type="FORET" x="8" y="5"/>
    <tile type="COLLINE" x="8" y="6"/>
    <tile type="FORET" x="8" y="7"/>
    <tile type="PLAINES" x="8" y="8"/>
    <tile type="COLLINE" x="8" y="9"/>
    <tile type="COLLINE" x="8" y="10"/>
    <tile type="DESERT" x="8" y="11"/>
    <tile type="DESERT" x="8" y="12"/>
    <tile type="PLAINES" x="8" y="13"/>
    <tile type="MER" x="8" y="14"/>
    <tile type="MER" x="9" y="0"/>
    <tile type="MER" x="9" y="1"/>
    <tile type="MER" x="9" y="2"/>
    <tile type="MER" x="9" y="3"/>
    <tile type="MER" x="9" y="4"/>
    <tile type="FORET" x="9" y="5"/>
    <tile type="COLLINE" x="9" y="6"/>
    <tile type="COLLINE" x="9" y="7"/>
    <tile type="DESERT" x="9" y="8"/>
    <tile type="DESERT" x="9" y="9"/>
    <tile type="DESERT" x="9" y="10"/>
    <tile type="DESERT" x="9" y="11"/>
    <tile type="MONTAGNE" x="9" y="12"/>
    <tile type="MER" x="9" y="13"/>
    <tile type="MER" x="9" y="14"/>
    <tile type="MER" x="10" y="0"/>
    <tile type="MER" x="10" y="1"/>
    <tile type="MER" x="10" y="2"/>
    <tile type="MER" x="10" y="3"/>
    <tile type="COLLINE" x="10" y="4"/>
    <tile type="MER" x="10" y="5"/>
    <tile type="COLLINE" x="10" y="6"/>
    <tile type="MONTAGNE" x="10" y="7"/>
    <tile type="COLLINE" x="10" y="8"/>
    <tile type="COLLINE" x="10" y="9"/>
    <tile type="DESERT" x="10" y="10"/>
    <tile type="DESERT" x="10" y="11"/>
    <tile type="PLAINES" x="10" y="12"/>
    <tile type="MER" x="10" y="13"/>
    <tile type="MER" x="10" y="14"/>
    <tile type="MER" x="11" y="0"/>
    <tile type="MER" x="11" y="1"/>
    <tile type="MER" x="11" y="2"/>
    <tile type="COLLINE" x="11" y="3"/>
    <tile type="PLAINES" x="11" y="4"/>
    <tile type="MER" x="11" y="5"/>
    <tile type="COLLINE" x="11" y="6"/>
    <tile type="COLLINE" x="11" y="7"/>
    <tile type="MER" x="11" y="8"/>
    <tile type="MER" x="11" y="9"/>
    <tile type="DESERT" x="11" y="10"/>
    <tile type="PLAINES" x="11" y="11"/>
    <tile type="COLLINE" x="11" y="12"/>
    <tile type="MER" x="11" y="13"/>
    <tile type="MER" x="11" y="14"/>
    <tile type="MER" x="12" y="0"/>
    <tile type="MER" x="12" y="1"/>
    <tile type="MER" x="12" y="2"/>
    <tile type="MER" x="12" y="3"/>
    <tile type="PLAINES" x="12" y="4"/>
    <tile type="FORET" x="12" y="5"/>
    <tile type="MONTAGNE" x="12" y="6"/>
    <tile type="PLAINES" x="12" y="7"/>
    <tile type="PLAINES" x="12" y="8"/>
    <tile type="MER" x="12" y="9"/>
    <tile type="MER" x="12" y="10"/>
    <tile type="PLAINES" x="12" y="11"/>
    <tile type="COLLINE" x="12" y="12"/>
    <tile type="MER" x="12" y="13"/>
    <tile type="MER" x="12" y="14"/>
    <tile type="MER" x="13" y="0"/>
    <tile type="MER" x="13" y="1"/>
    <tile type="MER" x="13" y="2"/>
    <tile type="MER" x="13" y="3"/>
    <tile type="MER" x="13" y="4"/>
    <tile type="FORET" x="13" y="5"/>
    <tile type="PLAINES" x="13" y="6"/>
    <tile type="PLAINES" x="13" y="7"/>
    <tile type="MER" x="13" y="8"/>
    <tile type="MER" x="13" y="9"/>
    <tile type="MER" x="13" y="10"/>
    <tile type="MER" x="13" y="11"/>
    <tile type="MER" x="13" y="12"/>
    <tile type="MER" x="13" y="13"/>
    <tile type="MER" x="13" y="14"/>
    <tile type="MER" x="14" y="0"/>
    <tile type="MER" x="14" y="1"/>
    <tile type="MER" x="14" y="2"/>
    <tile type="MER" x="14" y="3"/>
    <tile type="MER" x="14" y="4"/>
    <tile type="MER" x="14" y="5"/>
    <tile type="MER" x="14" y="6"/>
    <tile type="MER" x="14" y="7"/>
    <tile type="MER" x="14" y="8"/>
    <tile type="MER" x="14" y="9"/>
    <tile type="MER" x="14" y="10"/>
    <tile type="MER" x="14" y="11"/>
    <tile type="MER" x="14" y="12"/>
    <tile type="MER" x="14" y="13"/>
    <tile type="MER" x="14" y="14"/>
</map>
