<?xml version="1.0" encoding="UTF-8" standalone="no"?>
<map height="15" width="15">
    <tile feature="AUCUN" type="COTE" x="0" y="0"/>
    <tile feature="AUCUN" type="COTE" x="0" y="1"/>
    <tile feature="AUCUN" type="COTE" x="0" y="2"/>
    <tile feature="AUCUN" type="COTE" x="0" y="3"/>
    <tile feature="AUCUN" type="COTE" x="0" y="4"/>
    <tile feature="AUCUN" type="COTE" x="0" y="5"/>
    <tile feature="AUCUN" type="COTE" x="0" y="6"/>
    <tile feature="AUCUN" type="COTE" x="0" y="7"/>
    <tile feature="AUCUN" type="COTE" x="0" y="8"/>
    <tile feature="AUCUN" type="COTE" x="0" y="9"/>
    <tile feature="AUCUN" type="COTE" x="0" y="10"/>
    <tile feature="AUCUN" type="COTE" x="0" y="11"/>
    <tile feature="AUCUN" type="COTE" x="0" y="12"/>
    <tile feature="AUCUN" type="COTE" x="0" y="13"/>
    <tile feature="AUCUN" type="COTE" x="0" y="14"/>
    <tile feature="AUCUN" type="COTE" x="1" y="0"/>
    <tile feature="AUCUN" type="COTE" x="1" y="1"/>
    <tile feature="AUCUN" type="COTE" x="1" y="2"/>
    <tile feature="AUCUN" type="COTE" x="1" y="3"/>
    <tile feature="AUCUN" type="COTE" x="1" y="4"/>
    <tile feature="AUCUN" type="COTE" x="1" y="5"/>
    <tile feature="AUCUN" type="COTE" x="1" y="6"/>
    <tile feature="AUCUN" type="COTE" x="1" y="7"/>
    <tile feature="AUCUN" type="COTE" x="1" y="8"/>
    <tile feature="AUCUN" type="COTE" x="1" y="9"/>
    <tile feature="AUCUN" type="COTE" x="1" y="10"/>
    <tile feature="AUCUN" type="COTE" x="1" y="11"/>
    <tile feature="AUCUN" type="COTE" x="1" y="12"/>
    <tile feature="AUCUN" type="COTE" x="1" y="13"/>
    <tile feature="AUCUN" type="COTE" x="1" y="14"/>
    <tile feature="AUCUN" type="COTE" x="2" y="0"/>
    <tile feature="AUCUN" type="COTE" x="2" y="1"/>
    <tile feature="AUCUN" type="COTE" x="2" y="2"/>
    <tile feature="AUCUN" type="COTE" x="2" y="3"/>
    <tile feature="AUCUN" type="COTE" x="2" y="4"/>
    <tile feature="AUCUN" type="COTE" x="2" y="5"/>
    <tile feature="AUCUN" type="COTE" x="2" y="6"/>
    <tile feature="AUCUN" type="COTE" x="2" y="7"/>
    <tile feature="AUCUN" type="COTE" x="2" y="8"/>
    <tile feature="AUCUN" type="COTE" x="2" y="9"/>
    <tile feature="AUCUN" type="FORET" x="2" y="10"/>
    <tile feature="AUCUN" type="FORET" x="2" y="11"/>
    <tile feature="AUCUN" type="PLAINES" x="2" y="12"/>
    <tile feature="PORTAIL" type="PLAINES" x="2" y="13"/>
    <tile feature="AUCUN" type="COTE" x="2" y="14"/>
    <tile feature="AUCUN" type="COTE" x="3" y="0"/>
    <tile feature="AUCUN" type="COTE" x="3" y="1"/>
    <tile feature="AUCUN" type="COTE" x="3" y="2"/>
    <tile feature="AUCUN" type="COTE" x="3" y="3"/>
    <tile feature="AUCUN" type="COTE" x="3" y="4"/>
    <tile feature="AUCUN" type="COTE" x="3" y="5"/>
    <tile feature="AUCUN" type="COTE" x="3" y="6"/>
    <tile feature="AUCUN" type="FORET" x="3" y="7"/>
    <tile feature="AUCUN" type="PLAINES" x="3" y="8"/>
    <tile feature="AUCUN" type="FORET" x="3" y="9"/>
    <tile feature="AUCUN" type="COTE" x="3" y="10"/>
    <tile feature="AUCUN" type="COLLINES" x="3" y="11"/>
    <tile feature="AUCUN" type="FORET" x="3" y="12"/>
    <tile feature="AUCUN" type="PLAINES" x="3" y="13"/>
    <tile feature="AUCUN" type="COTE" x="3" y="14"/>
    <tile feature="AUCUN" type="COTE" x="4" y="0"/>
    <tile feature="AUCUN" type="COTE" x="4" y="1"/>
    <tile feature="AUCUN" type="COTE" x="4" y="2"/>
    <tile feature="AUCUN" type="COTE" x="4" y="3"/>
    <tile feature="AUCUN" type="COTE" x="4" y="4"/>
    <tile feature="VILLAGE" type="COLLINES" x="4" y="5"/>
    <tile feature="AUCUN" type="PLAINES" x="4" y="6"/>
    <tile feature="AUCUN" type="FORET" x="4" y="7"/>
    <tile feature="CHATEAU" type="FORET" x="4" y="8"/>
    <tile feature="AUCUN" type="FORET" x="4" y="9"/>
    <tile feature="MONASTERE" type="PLAINES" x="4" y="10"/>
    <tile feature="ORQUES" type="PLAINES" x="4" y="11"/>
    <tile feature="AUCUN" type="FORET" x="4" y="12"/>
    <tile feature="AUCUN" type="PLAINES" x="4" y="13"/>
    <tile feature="AUCUN" type="COTE" x="4" y="14"/>
    <tile feature="AUCUN" type="COTE" x="5" y="0"/>
    <tile feature="AUCUN" type="COTE" x="5" y="1"/>
    <tile feature="AUCUN" type="COTE" x="5" y="2"/>
    <tile feature="AUCUN" type="COTE" x="5" y="3"/>
    <tile feature="AUCUN" type="MONTAGNE" x="5" y="4"/>
    <tile feature="ORQUES" type="PLAINES" x="5" y="5"/>
    <tile feature="AUCUN" type="MONTAGNE" x="5" y="6"/>
    <tile feature="ORQUES" type="COLLINES" x="5" y="7"/>
    <tile feature="AUCUN" type="COTE" x="5" y="8"/>
    <tile feature="AUCUN" type="PLAINES" x="5" y="9"/>
    <tile feature="AUCUN" type="COLLINES" x="5" y="10"/>
    <tile feature="ORQUES" type="FORET" x="5" y="11"/>
    <tile feature="AUCUN" type="FORET" x="5" y="12"/>
    <tile feature="AUCUN" type="PLAINES" x="5" y="13"/>
    <tile feature="AUCUN" type="COTE" x="5" y="14"/>
    <tile feature="AUCUN" type="COTE" x="6" y="0"/>
    <tile feature="AUCUN" type="COTE" x="6" y="1"/>
    <tile feature="AUCUN" type="COTE" x="6" y="2"/>
    <tile feature="AUCUN" type="COTE" x="6" y="3"/>
    <tile feature="AUCUN" type="COTE" x="6" y="4"/>
    <tile feature="VILLAGE" type="FORET" x="6" y="5"/>
    <tile feature="MONASTERE" type="COLLINES" x="6" y="6"/>
    <tile feature="AUCUN" type="COLLINES" x="6" y="7"/>
    <tile feature="CHATEAU" type="COLLINES" x="6" y="8"/>
    <tile feature="ORQUES" type="COLLINES" x="6" y="9"/>
    <tile feature="AUCUN" type="COLLINES" x="6" y="10"/>
    <tile feature="AUCUN" type="PLAINES" x="6" y="11"/>
    <tile feature="AUCUN" type="COTE" x="6" y="12"/>
    <tile feature="VILLAGE" type="PLAINES" x="6" y="13"/>
    <tile feature="AUCUN" type="COTE" x="6" y="14"/>
    <tile feature="AUCUN" type="COTE" x="7" y="0"/>
    <tile feature="AUCUN" type="COTE" x="7" y="1"/>
    <tile feature="AUCUN" type="COTE" x="7" y="2"/>
    <tile feature="AUCUN" type="COTE" x="7" y="3"/>
    <tile feature="CHATEAU" type="FORET" x="7" y="4"/>
    <tile feature="ORQUES" type="COLLINES" x="7" y="5"/>
    <tile feature="AUCUN" type="COLLINES" x="7" y="6"/>
    <tile feature="AUCUN" type="MONTAGNE" x="7" y="7"/>
    <tile feature="RUINES" type="COLLINES" x="7" y="8"/>
    <tile feature="AUCUN" type="FORET" x="7" y="9"/>
    <tile feature="VILLAGE" type="PLAINES" x="7" y="10"/>
    <tile feature="ORQUES" type="COLLINES" x="7" y="11"/>
    <tile feature="AUCUN" type="PLAINES" x="7" y="12"/>
    <tile feature="AUCUN" type="COTE" x="7" y="13"/>
    <tile feature="AUCUN" type="COTE" x="7" y="14"/>
    <tile feature="AUCUN" type="COTE" x="8" y="0"/>
    <tile feature="AUCUN" type="COTE" x="8" y="1"/>
    <tile feature="AUCUN" type="COTE" x="8" y="2"/>
    <tile feature="AUCUN" type="COTE" x="8" y="3"/>
    <tile feature="AUCUN" type="FORET" x="8" y="4"/>
    <tile feature="AUCUN" type="FORET" x="8" y="5"/>
    <tile feature="ORQUES" type="COLLINES" x="8" y="6"/>
    <tile feature="AUCUN" type="FORET" x="8" y="7"/>
    <tile feature="AUCUN" type="PLAINES" x="8" y="8"/>
    <tile feature="DRAGONS" type="COLLINES" x="8" y="9"/>
    <tile feature="AUCUN" type="COLLINES" x="8" y="10"/>
    <tile feature="AUCUN" type="DESERT" x="8" y="11"/>
    <tile feature="CHATEAU" type="DESERT" x="8" y="12"/>
    <tile feature="VILLAGE" type="PLAINES" x="8" y="13"/>
    <tile feature="AUCUN" type="COTE" x="8" y="14"/>
    <tile feature="AUCUN" type="COTE" x="9" y="0"/>
    <tile feature="AUCUN" type="COTE" x="9" y="1"/>
    <tile feature="AUCUN" type="COTE" x="9" y="2"/>
    <tile feature="AUCUN" type="COTE" x="9" y="3"/>
    <tile feature="AUCUN" type="COTE" x="9" y="4"/>
    <tile feature="RUINES" type="FORET" x="9" y="5"/>
    <tile feature="AUCUN" type="COLLINES" x="9" y="6"/>
    <tile feature="RUINES" type="COLLINES" x="9" y="7"/>
    <tile feature="RUINES" type="DESERT" x="9" y="8"/>
    <tile feature="CHATEAU" type="DESERT" x="9" y="9"/>
    <tile feature="DRAGONS" type="DESERT" x="9" y="10"/>
    <tile feature="AUCUN" type="DESERT" x="9" y="11"/>
    <tile feature="AUCUN" type="MONTAGNE" x="9" y="12"/>
    <tile feature="AUCUN" type="COTE" x="9" y="13"/>
    <tile feature="AUCUN" type="COTE" x="9" y="14"/>
    <tile feature="AUCUN" type="COTE" x="10" y="0"/>
    <tile feature="AUCUN" type="COTE" x="10" y="1"/>
    <tile feature="AUCUN" type="COTE" x="10" y="2"/>
    <tile feature="AUCUN" type="COTE" x="10" y="3"/>
    <tile feature="CHATEAU" type="COLLINES" x="10" y="4"/>
    <tile feature="AUCUN" type="COTE" x="10" y="5"/>
    <tile feature="AUCUN" type="COLLINES" x="10" y="6"/>
    <tile feature="DRAGONS" type="MONTAGNE" x="10" y="7"/>
    <tile feature="AUCUN" type="COLLINES" x="10" y="8"/>
    <tile feature="AUCUN" type="COLLINES" x="10" y="9"/>
    <tile feature="AUCUN" type="DESERT" x="10" y="10"/>
    <tile feature="AUCUN" type="DESERT" x="10" y="11"/>
    <tile feature="AUCUN" type="PLAINES" x="10" y="12"/>
    <tile feature="AUCUN" type="COTE" x="10" y="13"/>
    <tile feature="AUCUN" type="COTE" x="10" y="14"/>
    <tile feature="AUCUN" type="COTE" x="11" y="0"/>
    <tile feature="AUCUN" type="COTE" x="11" y="1"/>
    <tile feature="AUCUN" type="COTE" x="11" y="2"/>
    <tile feature="AUCUN" type="COLLINES" x="11" y="3"/>
    <tile feature="AUCUN" type="PLAINES" x="11" y="4"/>
    <tile feature="AUCUN" type="COTE" x="11" y="5"/>
    <tile feature="AUCUN" type="COLLINES" x="11" y="6"/>
    <tile feature="CHATEAU" type="COLLINES" x="11" y="7"/>
    <tile feature="AUCUN" type="COTE" x="11" y="8"/>
    <tile feature="AUCUN" type="COTE" x="11" y="9"/>
    <tile feature="AUCUN" type="DESERT" x="11" y="10"/>
    <tile feature="AUCUN" type="PLAINES" x="11" y="11"/>
    <tile feature="VILLAGE" type="COLLINES" x="11" y="12"/>
    <tile feature="AUCUN" type="COTE" x="11" y="13"/>
    <tile feature="AUCUN" type="COTE" x="11" y="14"/>
    <tile feature="AUCUN" type="COTE" x="12" y="0"/>
    <tile feature="AUCUN" type="COTE" x="12" y="1"/>
    <tile feature="AUCUN" type="COTE" x="12" y="2"/>
    <tile feature="AUCUN" type="COTE" x="12" y="3"/>
    <tile feature="AUCUN" type="PLAINES" x="12" y="4"/>
    <tile feature="AUCUN" type="FORET" x="12" y="5"/>
    <tile feature="DRAGONS" type="MONTAGNE" x="12" y="6"/>
    <tile feature="AUCUN" type="PLAINES" x="12" y="7"/>
    <tile feature="AUCUN" type="PLAINES" x="12" y="8"/>
    <tile feature="AUCUN" type="COTE" x="12" y="9"/>
    <tile feature="AUCUN" type="COTE" x="12" y="10"/>
    <tile feature="CHATEAU" type="PLAINES" x="12" y="11"/>
    <tile feature="RUINES" type="COLLINES" x="12" y="12"/>
    <tile feature="AUCUN" type="COTE" x="12" y="13"/>
    <tile feature="AUCUN" type="COTE" x="12" y="14"/>
    <tile feature="AUCUN" type="COTE" x="13" y="0"/>
    <tile feature="AUCUN" type="COTE" x="13" y="1"/>
    <tile feature="AUCUN" type="COTE" x="13" y="2"/>
    <tile feature="AUCUN" type="COTE" x="13" y="3"/>
    <tile feature="AUCUN" type="COTE" x="13" y="4"/>
    <tile feature="AUCUN" type="FORET" x="13" y="5"/>
    <tile feature="MONASTERE" type="PLAINES" x="13" y="6"/>
    <tile feature="AUCUN" type="PLAINES" x="13" y="7"/>
    <tile feature="AUCUN" type="COTE" x="13" y="8"/>
    <tile feature="AUCUN" type="COTE" x="13" y="9"/>
    <tile feature="AUCUN" type="COTE" x="13" y="10"/>
    <tile feature="AUCUN" type="COTE" x="13" y="11"/>
    <tile feature="AUCUN" type="COTE" x="13" y="12"/>
    <tile feature="AUCUN" type="COTE" x="13" y="13"/>
    <tile feature="AUCUN" type="COTE" x="13" y="14"/>
    <tile feature="AUCUN" type="COTE" x="14" y="0"/>
    <tile feature="AUCUN" type="COTE" x="14" y="1"/>
    <tile feature="AUCUN" type="COTE" x="14" y="2"/>
    <tile feature="AUCUN" type="COTE" x="14" y="3"/>
    <tile feature="AUCUN" type="COTE" x="14" y="4"/>
    <tile feature="AUCUN" type="COTE" x="14" y="5"/>
    <tile feature="AUCUN" type="COTE" x="14" y="6"/>
    <tile feature="AUCUN" type="COTE" x="14" y="7"/>
    <tile feature="AUCUN" type="COTE" x="14" y="8"/>
    <tile feature="AUCUN" type="COTE" x="14" y="9"/>
    <tile feature="AUCUN" type="COTE" x="14" y="10"/>
    <tile feature="AUCUN" type="COTE" x="14" y="11"/>
    <tile feature="AUCUN" type="COTE" x="14" y="12"/>
    <tile feature="AUCUN" type="COTE" x="14" y="13"/>
    <tile feature="AUCUN" type="COTE" x="14" y="14"/>
</map>
